// Jest Snapshot v1, https://goo.gl/fbAQLP

exports[`Collateral contracts Gas Reporting Force Updates - Hard Default - ATokens/CTokens 1`] = `42710`;

exports[`Collateral contracts Gas Reporting Force Updates - Hard Default - ATokens/CTokens 2`] = `50055`;

exports[`Collateral contracts Gas Reporting Force Updates - Soft Default 1`] = `76059`;

exports[`Collateral contracts Gas Reporting Force Updates - Soft Default 2`] = `70958`;

exports[`Collateral contracts Gas Reporting Force Updates - Soft Default 3`] = `68759`;
