// Jest Snapshot v1, https://goo.gl/fbAQLP

exports[`Facade contract Gas Reporting getActCalldata - gas reporting for 200 registered assets 1`] = `19601732`;
