// Jest Snapshot v1, https://goo.gl/fbAQLP

exports[`Recapitalization - P1 Gas Reporting Settle Trades / Manage Funds 1`] = `63633`;

exports[`Recapitalization - P1 Gas Reporting Settle Trades / Manage Funds 2`] = `1528416`;

exports[`Recapitalization - P1 Gas Reporting Settle Trades / Manage Funds 3`] = `304984`;

exports[`Recapitalization - P1 Gas Reporting Settle Trades / Manage Funds 4`] = `187420`;

exports[`Recapitalization - P1 Gas Reporting Settle Trades / Manage Funds 5`] = `1602125`;

exports[`Recapitalization - P1 Gas Reporting Settle Trades / Manage Funds 6`] = `187477`;

exports[`Recapitalization - P1 Gas Reporting Settle Trades / Manage Funds 7`] = `2055017`;

exports[`Recapitalization - P1 Gas Reporting Settle Trades / Manage Funds 8`] = `215405`;
