// Jest Snapshot v1, https://goo.gl/fbAQLP

exports[`Revenues - P1 Gas Reporting Claim and Sweep Rewards 1`] = `218216`;

exports[`Revenues - P1 Gas Reporting Claim and Sweep Rewards 2`] = `220835`;

exports[`Revenues - P1 Gas Reporting Claim and Sweep Rewards 3`] = `220835`;

exports[`Revenues - P1 Gas Reporting Claim and Sweep Rewards 4`] = `220961`;

exports[`Revenues - P1 Gas Reporting Claim and Sweep Rewards 5`] = `299659`;

exports[`Revenues - P1 Gas Reporting Claim and Sweep Rewards 6`] = `253014`;

exports[`Revenues - P1 Gas Reporting Claim and Sweep Rewards 7`] = `253014`;

exports[`Revenues - P1 Gas Reporting Claim and Sweep Rewards 8`] = `253228`;

exports[`Revenues - P1 Gas Reporting Settle Trades / Manage Funds 1`] = `767437`;

exports[`Revenues - P1 Gas Reporting Settle Trades / Manage Funds 2`] = `969695`;

exports[`Revenues - P1 Gas Reporting Settle Trades / Manage Funds 3`] = `213974`;

exports[`Revenues - P1 Gas Reporting Settle Trades / Manage Funds 4`] = `198312`;

exports[`Revenues - P1 Gas Reporting Settle Trades / Manage Funds 5`] = `745520`;

exports[`Revenues - P1 Gas Reporting Settle Trades / Manage Funds 6`] = `46926`;

exports[`Revenues - P1 Gas Reporting Settle Trades / Manage Funds 7`] = `174974`;

exports[`Revenues - P1 Gas Reporting Settle Trades / Manage Funds 8`] = `43722`;
