// Jest Snapshot v1, https://goo.gl/fbAQLP

exports[`RTokenP1 contract Gas Reporting Issuance: across blocks 1`] = `1042888`;

exports[`RTokenP1 contract Gas Reporting Issuance: across blocks 2`] = `762396`;

exports[`RTokenP1 contract Gas Reporting Issuance: within block 1`] = `763483`;

exports[`RTokenP1 contract Gas Reporting Issuance: within block 2`] = `570598`;

exports[`RTokenP1 contract Gas Reporting Redemption 1`] = `517959`;

exports[`RTokenP1 contract Gas Reporting Transfer 1`] = `56464`;

exports[`RTokenP1 contract Gas Reporting Transfer 2`] = `34564`;

exports[`RTokenP1 contract Gas Reporting Transfer 3`] = `51676`;
